/Users/tizianohumpert/Documents/IMES/Ikarus/ikaruslab/cubeide-project/firmware/Controller/Controller.hpp:44:7:bool Controller::getArmedStatus()	16	static
../firmware/firmware.cpp:35:6:void firmware()	8	static
../firmware/firmware.cpp:39:6:void start_firmware_task(void*)	24	static
../firmware/firmware.cpp:45:1:IKARUS_Firmware::IKARUS_Firmware()	16	static
../firmware/firmware.cpp:49:6:void IKARUS_Firmware::helperTask()	32	static
../firmware/firmware.cpp:92:19:HAL_StatusTypeDef IKARUS_Firmware::init()	120	static
../firmware/firmware.cpp:134:19:HAL_StatusTypeDef IKARUS_Firmware::start()	16	static
../firmware/firmware.cpp:152:6:void IKARUS_Firmware::task()	24	static
../firmware/firmware.cpp:257:6:void start_firmware_control_task(void*)	24	static
../firmware/firmware.cpp:260:1:void __static_initialization_and_destruction_0()	8	static
../firmware/firmware.cpp:260:1:cpp)	8	static
