../Core/Src/stm32h7xx_it.c:95:6:NMI_Handler	4	static
../Core/Src/stm32h7xx_it.c:110:6:HardFault_Handler	4	static
../Core/Src/stm32h7xx_it.c:125:6:MemManage_Handler	4	static
../Core/Src/stm32h7xx_it.c:140:6:BusFault_Handler	4	static
../Core/Src/stm32h7xx_it.c:155:6:UsageFault_Handler	4	static
../Core/Src/stm32h7xx_it.c:170:6:DebugMon_Handler	4	static
../Core/Src/stm32h7xx_it.c:190:6:EXTI2_IRQHandler	8	static
../Core/Src/stm32h7xx_it.c:204:6:DMA1_Stream0_IRQHandler	8	static
../Core/Src/stm32h7xx_it.c:218:6:DMA1_Stream1_IRQHandler	8	static
../Core/Src/stm32h7xx_it.c:232:6:DMA1_Stream2_IRQHandler	8	static
../Core/Src/stm32h7xx_it.c:246:6:DMA1_Stream3_IRQHandler	8	static
../Core/Src/stm32h7xx_it.c:260:6:DMA1_Stream4_IRQHandler	8	static
../Core/Src/stm32h7xx_it.c:274:6:DMA1_Stream5_IRQHandler	8	static
../Core/Src/stm32h7xx_it.c:288:6:DMA1_Stream6_IRQHandler	8	static
../Core/Src/stm32h7xx_it.c:302:6:FDCAN1_IT0_IRQHandler	8	static
../Core/Src/stm32h7xx_it.c:316:6:FDCAN1_IT1_IRQHandler	8	static
../Core/Src/stm32h7xx_it.c:330:6:TIM1_BRK_IRQHandler	8	static
../Core/Src/stm32h7xx_it.c:344:6:TIM1_UP_IRQHandler	8	static
../Core/Src/stm32h7xx_it.c:358:6:TIM1_TRG_COM_IRQHandler	8	static
../Core/Src/stm32h7xx_it.c:372:6:TIM1_CC_IRQHandler	8	static
../Core/Src/stm32h7xx_it.c:386:6:SPI1_IRQHandler	8	static
../Core/Src/stm32h7xx_it.c:400:6:USART1_IRQHandler	8	static
../Core/Src/stm32h7xx_it.c:414:6:USART2_IRQHandler	8	static
../Core/Src/stm32h7xx_it.c:428:6:DMA1_Stream7_IRQHandler	8	static
../Core/Src/stm32h7xx_it.c:442:6:TIM6_DAC_IRQHandler	8	static
../Core/Src/stm32h7xx_it.c:456:6:DMA2_Stream0_IRQHandler	8	static
../Core/Src/stm32h7xx_it.c:470:6:DMA2_Stream1_IRQHandler	8	static
../Core/Src/stm32h7xx_it.c:484:6:DMA2_Stream2_IRQHandler	8	static
../Core/Src/stm32h7xx_it.c:498:6:DMA2_Stream3_IRQHandler	8	static
../Core/Src/stm32h7xx_it.c:512:6:DMA2_Stream4_IRQHandler	8	static
../Core/Src/stm32h7xx_it.c:526:6:DMA2_Stream5_IRQHandler	8	static
../Core/Src/stm32h7xx_it.c:540:6:DMA2_Stream6_IRQHandler	8	static
../Core/Src/stm32h7xx_it.c:554:6:DMA2_Stream7_IRQHandler	8	static
../Core/Src/stm32h7xx_it.c:568:6:I2C3_EV_IRQHandler	8	static
../Core/Src/stm32h7xx_it.c:582:6:I2C3_ER_IRQHandler	8	static
../Core/Src/stm32h7xx_it.c:596:6:UART7_IRQHandler	8	static
../Core/Src/stm32h7xx_it.c:610:6:UART8_IRQHandler	8	static
../Core/Src/stm32h7xx_it.c:624:6:TIM17_IRQHandler	8	static
