../Core/Src/tim.c:39:6:MX_TIM1_Init	96	static
../Core/Src/tim.c:108:6:MX_TIM2_Init	40	static
../Core/Src/tim.c:148:6:MX_TIM4_Init	48	static
../Core/Src/tim.c:192:6:MX_TIM15_Init	96	static
../Core/Src/tim.c:253:6:MX_TIM16_Init	8	static
../Core/Src/tim.c:280:6:MX_TIM17_Init	80	static
../Core/Src/tim.c:338:6:HAL_TIM_PWM_MspInit	32	static
../Core/Src/tim.c:463:6:HAL_TIM_Base_MspInit	32	static
../Core/Src/tim.c:504:6:HAL_TIM_MspPostInit	56	static
../Core/Src/tim.c:595:6:HAL_TIM_PWM_MspDeInit	16	static
../Core/Src/tim.c:649:6:HAL_TIM_Base_MspDeInit	16	static
