/Applications/STM32CubeIDE.app/Contents/Eclipse/plugins/com.st.stm32cube.ide.mcu.externaltools.gnu-tools-for-stm32.13.3.rel1.macos64_1.0.0.202411102158/tools/arm-none-eabi/include/c++/13.3.1/bits/char_traits.h:374:7:static int std::char_traits<char>::compare(const char_type*, const char_type*, std::size_t)	24	static
/Applications/STM32CubeIDE.app/Contents/Eclipse/plugins/com.st.stm32cube.ide.mcu.externaltools.gnu-tools-for-stm32.13.3.rel1.macos64_1.0.0.202411102158/tools/arm-none-eabi/include/c++/13.3.1/bits/char_traits.h:393:7:static std::size_t std::char_traits<char>::length(const char_type*)	16	static
/Users/tizianohumpert/Documents/IMES/Ikarus/ikaruslab/cubeide-project/firmware/uartCommunication/ikarus_protocoll.h:92:23:uint8_t ikarus_calc_crc(const uint8_t*, uint16_t)	24	static
/Users/tizianohumpert/Documents/IMES/Ikarus/ikaruslab/cubeide-project/firmware/Controller/Controller.hpp:32:7:void Controller::setArmedStatus(bool)	16	static
/Users/tizianohumpert/Documents/IMES/Ikarus/ikaruslab/cubeide-project/firmware/Controller/Controller.hpp:35:7:void Controller::setPitch(float)	16	static
/Users/tizianohumpert/Documents/IMES/Ikarus/ikaruslab/cubeide-project/firmware/Controller/Controller.hpp:36:7:void Controller::setRoll(float)	16	static
/Users/tizianohumpert/Documents/IMES/Ikarus/ikaruslab/cubeide-project/firmware/Controller/Controller.hpp:37:7:void Controller::setYaw(float)	16	static
/Users/tizianohumpert/Documents/IMES/Ikarus/ikaruslab/cubeide-project/firmware/motors/MotorController.hpp:26:7:void IKARUS_MotorController::setThrust1(uint32_t)	16	static
/Users/tizianohumpert/Documents/IMES/Ikarus/ikaruslab/cubeide-project/firmware/motors/MotorController.hpp:27:7:void IKARUS_MotorController::setThrust2(uint32_t)	16	static
/Users/tizianohumpert/Documents/IMES/Ikarus/ikaruslab/cubeide-project/firmware/motors/MotorController.hpp:28:7:void IKARUS_MotorController::setThrust3(uint32_t)	16	static
/Users/tizianohumpert/Documents/IMES/Ikarus/ikaruslab/cubeide-project/firmware/motors/MotorController.hpp:29:7:void IKARUS_MotorController::setThrust4(uint32_t)	16	static
/Applications/STM32CubeIDE.app/Contents/Eclipse/plugins/com.st.stm32cube.ide.mcu.externaltools.gnu-tools-for-stm32.13.3.rel1.macos64_1.0.0.202411102158/tools/arm-none-eabi/include/c++/13.3.1/arm-none-eabi/thumb/v7e-m+dp/hard/bits/gthr-default.h:229:1:int __gthread_key_delete(__gthread_key_t)	16	static
/Applications/STM32CubeIDE.app/Contents/Eclipse/plugins/com.st.stm32cube.ide.mcu.externaltools.gnu-tools-for-stm32.13.3.rel1.macos64_1.0.0.202411102158/tools/arm-none-eabi/include/c++/13.3.1/bits/ios_base.h:130:3:constexpr std::_Ios_Openmode std::operator|(_Ios_Openmode, _Ios_Openmode)	16	static
../firmware/uartCommunication/ikarus_communication.cpp:25:1:IKARUS_CommunicationManager::IKARUS_CommunicationManager()	16	static
../firmware/uartCommunication/ikarus_communication.cpp:28:6:void IKARUS_CommunicationManager::init(ikarus_communication_config_t)	16	static
../firmware/uartCommunication/ikarus_communication.cpp:37:6:void IKARUS_CommunicationManager::processMessage(const char*)	328	static
../firmware/uartCommunication/ikarus_communication.cpp:58:6:void IKARUS_CommunicationManager::handleCommand(const std::string&, const std::string&)	96	static
../firmware/uartCommunication/ikarus_communication.cpp:75:6:void IKARUS_CommunicationManager::send(const char*)	16	static
../firmware/uartCommunication/ikarus_communication.cpp:79:6:void IKARUS_CommunicationManager::sendBinary(const uint8_t*, size_t)	24	static
../firmware/uartCommunication/ikarus_communication.cpp:83:6:void IKARUS_CommunicationManager::sendSample(ikarus_estimation_state_t*)	128	static
../firmware/uartCommunication/ikarus_communication.cpp:109:6:void IKARUS_CommunicationManager::processBinaryMessage(const uint8_t*, size_t)	64	static
/Applications/STM32CubeIDE.app/Contents/Eclipse/plugins/com.st.stm32cube.ide.mcu.externaltools.gnu-tools-for-stm32.13.3.rel1.macos64_1.0.0.202411102158/tools/arm-none-eabi/include/c++/13.3.1/bits/basic_string.h:3727:5:bool std::operator==(const __cxx11::basic_string<_CharT, _Traits, _Alloc>&, const _CharT*) [with _CharT = char; _Traits = char_traits<char>; _Alloc = allocator<char>]	24	static
/Applications/STM32CubeIDE.app/Contents/Eclipse/plugins/com.st.stm32cube.ide.mcu.externaltools.gnu-tools-for-stm32.13.3.rel1.macos64_1.0.0.202411102158/tools/arm-none-eabi/include/c++/13.3.1/bits/basic_string.h:3571:5:std::__cxx11::basic_string<_CharT, _Traits, _Alloc> std::operator+(const _CharT*, const __cxx11::basic_string<_CharT, _Traits, _Alloc>&) [with _CharT = char; _Traits = char_traits<char>; _Alloc = allocator<char>]	56	static
/Applications/STM32CubeIDE.app/Contents/Eclipse/plugins/com.st.stm32cube.ide.mcu.externaltools.gnu-tools-for-stm32.13.3.rel1.macos64_1.0.0.202411102158/tools/arm-none-eabi/include/c++/13.3.1/bits/basic_string.h:3688:5:std::__cxx11::basic_string<_CharT, _Traits, _Alloc> std::operator+(__cxx11::basic_string<_CharT, _Traits, _Alloc>&&, const _CharT*) [with _CharT = char; _Traits = char_traits<char>; _Alloc = allocator<char>]	24	static
/Applications/STM32CubeIDE.app/Contents/Eclipse/plugins/com.st.stm32cube.ide.mcu.externaltools.gnu-tools-for-stm32.13.3.rel1.macos64_1.0.0.202411102158/tools/arm-none-eabi/include/c++/13.3.1/bits/new_allocator.h:104:7:std::__new_allocator<_Tp>::~__new_allocator() [with _Tp = char]	16	static
/Applications/STM32CubeIDE.app/Contents/Eclipse/plugins/com.st.stm32cube.ide.mcu.externaltools.gnu-tools-for-stm32.13.3.rel1.macos64_1.0.0.202411102158/tools/arm-none-eabi/include/c++/13.3.1/bits/move.h:97:5:constexpr typename std::remove_reference<_Tp>::type&& std::move(_Tp&&) [with _Tp = __cxx11::basic_string<char>&]	16	static
/Applications/STM32CubeIDE.app/Contents/Eclipse/plugins/com.st.stm32cube.ide.mcu.externaltools.gnu-tools-for-stm32.13.3.rel1.macos64_1.0.0.202411102158/tools/arm-none-eabi/include/c++/13.3.1/bits/basic_string.h:3528:5:_Str std::__str_concat(const typename _Str::value_type*, typename _Str::size_type, const typename _Str::value_type*, typename _Str::size_type, const typename _Str::allocator_type&) [with _Str = __cxx11::basic_string<char>]	56	static
