/Applications/STM32CubeIDE.app/Contents/Eclipse/plugins/com.st.stm32cube.ide.mcu.externaltools.gnu-tools-for-stm32.13.3.rel1.macos64_1.0.0.202411102158/tools/arm-none-eabi/include/c++/13.3.1/cmath:108:3:constexpr float std::asin(float)	16	static
/Applications/STM32CubeIDE.app/Contents/Eclipse/plugins/com.st.stm32cube.ide.mcu.externaltools.gnu-tools-for-stm32.13.3.rel1.macos64_1.0.0.202411102158/tools/arm-none-eabi/include/c++/13.3.1/cmath:146:3:constexpr float std::atan2(float, float)	16	static
/Applications/STM32CubeIDE.app/Contents/Eclipse/plugins/com.st.stm32cube.ide.mcu.externaltools.gnu-tools-for-stm32.13.3.rel1.macos64_1.0.0.202411102158/tools/arm-none-eabi/include/c++/13.3.1/cmath:234:3:constexpr float std::fabs(float)	16	static
/Users/tizianohumpert/Documents/IMES/Ikarus/ikaruslab/cubeide-project/firmware/uartCommunication/ikarus_protocoll.h:90:23:uint8_t ikarus_calc_crc(const uint8_t*, uint16_t)	24	static
../firmware/estimation/estimation.cpp:20:1:IKARUS_Estimation::IKARUS_Estimation()	16	static
../firmware/estimation/estimation.cpp:27:6:void IKARUS_Estimation::init(ikarus_estimation_config_t)	16	static
../firmware/estimation/estimation.cpp:33:6:void IKARUS_Estimation::start()	16	static
../firmware/estimation/estimation.cpp:37:6:void IKARUS_Estimation::task_function()	16	static
../firmware/estimation/estimation.cpp:47:6:void IKARUS_Estimation::update()	248	static
../firmware/estimation/estimation.cpp:115:6:void IKARUS_Estimation::sendOrientationBuffer()	120	static
../firmware/estimation/estimation.cpp:126:27:ikarus_estimation_state_t IKARUS_Estimation::getStateEstimation()	48	static
../firmware/estimation/estimation.cpp:130:6:void estimation_task(void*)	24	static
/Applications/STM32CubeIDE.app/Contents/Eclipse/plugins/com.st.stm32cube.ide.mcu.externaltools.gnu-tools-for-stm32.13.3.rel1.macos64_1.0.0.202411102158/tools/arm-none-eabi/include/c++/13.3.1/cmath:3471:5:constexpr typename __gnu_cxx::__promote_2<_Tp, _Up>::__type std::copysign(_Tp, _Up) [with _Tp = double; _Up = float]	24	static
